[check] mkstemps("/tmp/tmpXXXXXX.tmp", 4)                          -> -1, errno Invalid argument
[check] mkstemp("/tmp/tmpXXXXXX")                                  -> 3
[check] link("/tmp/plain.txt", "/tmp/hard.txt")                    -> -1, errno Function not implemented
[check] write(/dev/null, 8)                                        -> 8
[check] pwrite(/dev/null, 8, offset 0)                             -> -1, errno Function not implemented
[check] pread(/dev/null, 8, offset 0)                              -> -1, errno Function not implemented
[check] ftruncate(/dev/null, 0)                                    -> -1, errno Function not implemented
[check] fsync(/dev/null)                                           -> -1, errno Function not implemented
[check] pread(pipe, 2, offset 0)                                   -> -1, errno Function not implemented
[check] fsync(pipe write end)                                      -> -1, errno Function not implemented
[check] ftruncate(pipe write end, 0)                               -> -1, errno Function not implemented
[check] geteuid()                                                  -> 0
[check] open(own 0444 file, O_WRONLY)                              -> -1, errno Permission denied
[check] utimensat(own 0444 file, explicit times)                   -> -1, errno Permission denied
[check] chmod(file, 06755)                                         -> mode 106755
[check] chmod(directory, 06755)                                    -> mode 40755
[check] unlink(empty directory)                                    -> 0
[check]   stat(that directory) afterwards                          -> -1, errno No such file or directory
[check] rename(file, 32799-character path)                         -> -1, errno Invalid argument
[check] posix_fallocate(fd, 0, 1 TiB) return value                 -> -1 (errno 12)
[check] ftruncate(fd, 1 TiB)                                       -> -1, errno Cannot allocate memory
[check] done
